// Vitest Snapshot v1, https://vitest.dev/guide/snapshot.html

exports[`ResourceDetails component > renders resource details correctly 1`] = `
"<div class="resource-details oc-flex oc-flex-column oc-flex-middle">
  <div class="oc-width-1-3@l oc-width-1-2@m oc-width-3-4">
    <div class="file_info oc-flex oc-flex-between oc-p-s">
      <div class="oc-flex oc-flex-middle"><span class="file_info__icon oc-mr-s"><span class="oc-icon oc-icon-l oc-icon-passive oc-resource-icon oc-resource-icon-folder"><!----></span>
        <!--v-if--></span>
        <div class="file_info__body oc-text-overflow">
          <h3 data-testid="files-info-name" class="oc-font-semibold"><span class="oc-resource-name oc-display-inline-block" data-test-resource-name="image.jpg" title="image.jpg"><span class="oc-resource-basename oc-text-break">image.jpg</span>
            <!--v-if--></span>
          </h3>
        </div>
      </div>
    </div>
    <div data-v-5080a6a4="" id="oc-file-details-sidebar" class="oc-mb">
      <div data-v-5080a6a4="">
        <div data-v-5080a6a4="" class="details-icon-wrapper oc-width-1-1 oc-flex oc-flex-middle oc-flex-center oc-mb"><span data-v-5080a6a4="" class="details-icon"><span class="oc-icon oc-icon-xxxl oc-icon-passive oc-resource-icon oc-resource-icon-folder"><!----></span>
          <!--v-if--></span>
        </div>
        <!--v-if-->
        <table data-v-5080a6a4="" class="details-table oc-width-1-1" aria-label="Overview of the information about the selected file">
          <col data-v-5080a6a4="" class="oc-width-1-3">
          <col data-v-5080a6a4="" class="oc-width-2-3">
          <tr data-v-5080a6a4="" data-testid="timestamp">
            <th data-v-5080a6a4="" scope="col" class="oc-pr-s oc-font-semibold">Last modified</th>
            <td data-v-5080a6a4=""><span data-v-5080a6a4="">Oct 21, 2015, 7:28 AM</span></td>
          </tr>
          <!--v-if-->
          <!--v-if-->
          <!--v-if-->
          <tr data-v-5080a6a4="" data-testid="ownerDisplayName">
            <th data-v-5080a6a4="" scope="col" class="oc-pr-s oc-font-semibold">Owner</th>
            <td data-v-5080a6a4="">
              <p data-v-5080a6a4="" class="oc-m-rm">admin <span data-v-5080a6a4="" data-msgid="(me)" data-current-language="en">(me)</span></p>
            </td>
          </tr>
          <tr data-v-5080a6a4="" data-testid="sizeInfo">
            <th data-v-5080a6a4="" scope="col" class="oc-pr-s oc-font-semibold">Size</th>
            <td data-v-5080a6a4="">24 kB</td>
          </tr>
          <!--v-if-->
          <!--v-if-->
          <portal-target data-v-5080a6a4="" name="app.files.sidebar.file.details.table" slot-props="[object Object]" multiple="true"></portal-target>
          <!--v-if-->
        </table>
      </div>
    </div>
    <ul class="oc-list oc-my-rm oc-mx-rm oc-mt-s" id="oc-files-actions-sidebar"></ul>
  </div>
</div>"
`;
